a!return
a!in
b!in
b!return
c!in
d!in
d!return
c!return
a!return
